// Vitest Snapshot v1, https://vitest.dev/guide/snapshot.html

exports[`Pruebas en <App /> > Snapshot App 1`] = `
<div>
  <h1>
    Gif Expert
  </h1>
  <form
    action=""
    aria-label="form"
  >
    <input
      placeholder="Buscar gif..."
      type="text"
      value=""
    />
    <button
      class="btn-buscar"
      type="submit"
    >
      Buscar...
    </button>
  </form>
  <h4>
    One punch
  </h4>
  <div
    class="card-grid"
  >
    <div>
      Cargando...
    </div>
  </div>
</div>
`;
